exports[`function HelloWorldList(props) {/* istanbul ignore next */_classCallCheck(this, HelloWorldList);var _this = _possibleConstructorReturn(this, (HelloWorldList.__proto__ || Object.getPrototypeOf(HelloWorldList)).call(this,
    props));
    /* istanbul ignore next */_this.state = { people: ['Jim', 'Sally', 'Moheet'] };
    /* istanbul ignore next */_this.addGreeting = /* istanbul ignore next */_this.addGreeting.bind( /* istanbul ignore next */_this);
    /* istanbul ignore next */_this.removeGreeting = /* istanbul ignore next */_this.removeGreeting.bind( /* istanbul ignore next */_this); /* istanbul ignore next */return _this;
  } renders and matches our snapshot 1`] = `
<div
  className="HelloWorldList">
  <div
    className="AddGreeter">
    <input
      onChange={[Function]}
      onKeyUp={[Function]}
      type="text" />
      
    <button
      onClick={[Function]}>
      Add
    </button>
  </div>
  <div
    className="HelloWorld">
    <div>
      Hello
       
      Jim
      !
    </div>
    <br />
    <button
      className="frenchify"
      onClick={[Function]}>
      Frenchify
    </button>
    <br />
    <button
      className="remove"
      onClick={[Function]}>
      Remove
    </button>
  </div>
  <div
    className="HelloWorld">
    <div>
      Hello
       
      Sally
      !
    </div>
    <br />
    <button
      className="frenchify"
      onClick={[Function]}>
      Frenchify
    </button>
    <br />
    <button
      className="remove"
      onClick={[Function]}>
      Remove
    </button>
  </div>
  <div
    className="HelloWorld">
    <div>
      Hello
       
      Moheet
      !
    </div>
    <br />
    <button
      className="frenchify"
      onClick={[Function]}>
      Frenchify
    </button>
    <br />
    <button
      className="remove"
      onClick={[Function]}>
      Remove
    </button>
  </div>
</div>
`;
